['little_giant', 'profitably', 'roma', 'air_mail', 'intelligibility', 'silver', 'main_clause', 'aerolite', 'drollery', 'family_tremellaceae', 'montego_bay', 'in_stages', 'critical_appraisal', 'conspirator', 'macadamia_tetraphylla', 'ulaanbaatar', 'decay', 'soixante-neuf', 'michaelmas_day', 'blue_copperas', 'master_of_arts', 'force-feed', 'aluminize', 'religious_order', 'dacrydium_bidwilli', 'declinometer', 'kibit', 'rijstafel', 'collimate', 'coenzyme_a', 'smoke_tree', 'lotic', 'india_rubber', 'genus_garrulus', 'mathematics_department', 'arteria_mesenterica', 'arenaria_interpres', 'drudge', 'reprise', 'roulade', 'cavernous', 'numerically', 'tawny', 'charles_baudelaire', 'disobey', 'comenius', 'dental_gold', 'royal_purple', 'july_4', 'greater_masterwort', 'auto_factory', 'barograph', 'estuarial', 'calvert_vaux', 'highjack', 'freedom_of_thought', 'conscience-smitten', 'fungicide', 'crotalaria', 'dysphoric', 'docosahexaenoic_acid', 'white_sheep', 'casablanca', 'haematoxylum_campechianum', 'flub', 'mosey', 'keratin', 'intension', 'ewer', 'diametric', 'klemens_metternich', 'lafitte', 'oersted', 'lager_beer', 'sour-gum_family', 'family_musophagidae', 'sir_james_matthew_barrie', 'calculous', 'family_pholadidae', 'bipinnate_leaf', 'woolly_daisy', 'pinus_cembra', 'conjunctive', 'alexander_wilson', 'paspalum_notatum', 'funk', 'finances', 'tackiness', 'nejd', 'penal_institution', 'microprocessor', 'quadriceps', 'disinterestedness', 'posthypnotic_amnesia', 'mishpocha', 'lorraine_cross', 'family_microdesmidae', 'cirsium_helenioides', 'droll', 'paper_chromatography', 'impure', 'schweitzer', 'aleyrodidae', 'western_malayo-polynesian', 'television_show', 'antitoxin', 'agrostemma_githago', 'pi', 'antelope_squirrel', 'pacify', 'helicopter', 'factor_viii', 'republic_of_bolivia', 'statue_of_liberty', 'vented', 'allegorizer', 'parade', 'mercuric_chloride', 'kok-saghyz', 'old_world_white_pelican', 'kogia', 'tepidness', 'vacuous', 'idler', 'golden_oriole', 'plastic_explosive', 'cranky', 'churchill', 'biosphere', 'chicken_purloo', 'mimus', 'american_virgin_islands', 'verapamil', 'cyclosis', 'ransacked', 'cotter', 'saddle_blanket', 'private_treaty', 'genus_lagopus', 'northbound', 'werner_karl_heisenberg', 'cheating', 'cockamamy', 'steel_company', 'mustachio', 'structural_linguistics', 'unfermented', 'succession', 'genus_spartina', 'stone_root', 'broom_beard_grass', 'kudos', 'acoustic_modem', 'mongol_tatar', '42nd', 'tussore', 'tamiasciurus', 'afterdamp', 'simon_marks', 'independency', 'archduchess', 'inescapably', 'subsist', 'booty', 'yellow_pages', 'lillie_langtry', 'befoulment', 'comstock_mealybug', 'mastigophore', 'proceeding', 'lippi', 'erythronium', 'spondaize', 'chongqing', 'playday', 'sterilizer', 'tsuga_canadensis', 'pomoxis_nigromaculatus', 'chauvinistic', 'genus_phlebotomus', 'jawed', 'downshift', 'class_bacillariophyceae', 'grey_alder', 'elite', 'plum_tomato', 'scentless_hayweed', 'sapota', 'punicaceae', 'water_sport', 'sulphur_dioxide', 'volute_spring', 'awkward', 'trauma', 'night_watchman', 'mummification', 'chechen', 'scheldt_river', 'ditch_reed', 'mark', 'reflex_response', 'gameboard', 'redheaded_woodpecker', 'healthcare_delivery', 'gnaphalium', 'decimal_notation', 'rodomontade', 'urubupunga', 'clinic', 'fine_arts', 'and_so_on', 'eupnoea', 'wilno', 'ponderosity', 'fishing_tackle', 'navy_bean', 'input_device', 'nutritionist', 'virgin', 'species', 'tarp', 'tuxtla_gutierrez', 'motor_inn', 'louis_the_pious', 'stuffed_derma', 'suborder_plesiosauria', 'genus_saimiri', 'pornographer', 'pinch_bar', 'ryukyuan', 'photometer', 'psephologist', 'toxoid', 'tubal_ligation', 'koasati', 'shaman', 'indorse', 'unquotable', 'faruk_i', 'genus_bignonia', 'overexert_oneself', 'lemonwood_tree', 'assailant', 'skirl', 'depictive', 'outdistance', 'tennis_match', 'mistflower', 'columbus', 'ereshkigal', 'family_chloranthaceae', 'healthier', 'schlesien', 'common_ageratum', 'look_backward', 'ascesis']