['teeming', 'teeming', 'genus_negaprion', 'genus_negaprion', 'pewter', 'pewter', 'non-paying', 'non-paying', 'duel', 'duel', 'american_spikenard', 'american_spikenard', 'shamed', 'shamed', 'disclose', 'disclose', 'jaboncillo', 'jaboncillo', 'hair-shirt', 'hair-shirt', 'douroucouli', 'douroucouli', 'viscidness', 'viscidness', 'feebleminded', 'feebleminded', 'family_tamaricaceae', 'family_tamaricaceae', 'precipitin', 'precipitin', 'medical_building', 'medical_building', 'thoughtlessness', 'thoughtlessness', 'phenolic_resin', 'phenolic_resin', 'tree_stump', 'tree_stump', 'volcano_islands', 'volcano_islands', 'blow_off', 'blow_off', 'summer_school', 'summer_school', 'abuser', 'abuser', 'hydroplane_racing', 'hydroplane_racing', 'genus_truncocolumella', 'genus_truncocolumella', 'premix', 'premix', 'genus_vidua', 'genus_vidua', 'bird_louse', 'bird_louse', 'thus_far', 'thus_far', 'pepper_shrub', 'pepper_shrub', 'tacitly', 'tacitly', 'mess-up', 'mess-up', 'vespers', 'vespers', 'oyster_shell', 'oyster_shell', 'acariosis', 'acariosis', 'william_carlos_williams', 'william_carlos_williams', 'clothier', 'clothier', 'zib', 'zib', 'turnup', 'turnup', 'blossoming', 'blossoming', 'portentous', 'portentous', 'selectivity', 'selectivity', 'strings', 'strings', 'atomic_number_57', 'atomic_number_57', 'spider-shaped', 'spider-shaped', 'liquidambar_styraciflua', 'liquidambar_styraciflua', 'cart-track_plant', 'cart-track_plant', 'forward', 'forward', 'laurel_cherry', 'laurel_cherry', 'laying_on_of_hands', 'laying_on_of_hands', 'shipping', 'shipping', 'doughy', 'doughy', 'police_commissioner', 'police_commissioner', 'middle_c', 'middle_c', 'quran', 'quran', 'bahama_islands', 'bahama_islands', 'zero_coupon_security', 'zero_coupon_security', 'roridula', 'roridula', 'slowcoach', 'slowcoach', 'pipe_vine', 'pipe_vine', 'wrangler', 'wrangler', 'soup_up', 'soup_up', 'look_around', 'look_around', 'thick-bodied', 'thick-bodied', 'smyrnium', 'smyrnium', 'cushat', 'cushat', 'screwtop', 'screwtop', 'orangeade', 'orangeade', 'pernod', 'pernod', 'fume', 'fume', 'neurolinguistics', 'neurolinguistics', 'soave', 'soave', 'actinomeris_alternifolia', 'actinomeris_alternifolia', 'crocodylia', 'crocodylia', 'malus_baccata', 'malus_baccata', 'firmamental', 'firmamental', 'rec_room', 'rec_room', 'firedamp', 'firedamp', 'loriinae', 'loriinae', 'modernist', 'modernist', 'zebu', 'zebu', 'bottle-green', 'bottle-green', 'genus_bombycilla', 'genus_bombycilla', 'time_out_of_mind', 'time_out_of_mind', 'save-all', 'save-all', 'leo_x', 'leo_x', 'ruinously', 'ruinously', 'japanese_leek', 'japanese_leek', 'nonleaded', 'nonleaded', 'zinc_blende', 'zinc_blende', 'slang', 'slang', 'impolitic', 'impolitic', 'caseworker', 'caseworker', 'parallel_bars', 'parallel_bars', 'psalms', 'psalms', 'alphabetiser', 'alphabetiser', 'tagging_program', 'tagging_program', 'cnemidophorus_tesselatus', 'cnemidophorus_tesselatus', 'unexpectedly', 'unexpectedly', 'forbearing', 'forbearing', 'polychaete', 'polychaete', 'mid-forties', 'mid-forties', 'morosoph', 'morosoph', 'cinnabar_chanterelle', 'cinnabar_chanterelle', 'piety', 'piety', 'decoy', 'decoy', 'aluminous', 'aluminous', 'leaf-nosed_snake', 'leaf-nosed_snake', 'suntanned', 'suntanned', 'platonism', 'platonism', 'helen_adams_keller', 'helen_adams_keller', 'thymus_serpyllum', 'thymus_serpyllum', 'authentication', 'authentication', 'fillagree', 'fillagree', 'hoped-for', 'hoped-for', 'mucor', 'mucor', 'brainish', 'brainish', 'platelike', 'platelike', 'scutcheon', 'scutcheon', 'palm_cat', 'palm_cat', 'genus_ononis', 'genus_ononis', 'tamarind_tree', 'tamarind_tree', 'nonnatural', 'nonnatural', 'visual_communication', 'visual_communication', 'katharine_hepburn', 'katharine_hepburn', 'edgar_albert_guest', 'edgar_albert_guest', 'numbering', 'numbering', 'secrete', 'secrete']