['sjHVp', 'erCEK', 'xrXoc', 'ZeaWS', 'UdzCm', 'qtHIN', 'YgFlj', 'JNNMa', 'VmxXh', 'cGPzi', 'nPksm', 'WgumU', 'srkic', 'eDSdD', 'gHqEv', 'QRMEy', 'ugQTz', 'UQqge', 'RNhNp', 'PqKWL', 'lwgTc', 'LMyld', 'ypQAe', 'cPwnk', 'iygXL', 'kqzEb', 'wgtPV', 'sjlcL', 'fHvRN', 'XSYBn', 'OPePj', 'QfBlK', 'JHMip', 'DQTrz', 'sqUAB', 'BxkHr', 'JAGAw', 'EmVBG', 'bzOqW', 'jOJAZ', 'zcwQW', 'bcDXE', 'nhoYh', 'zvyhx', 'PRVxo', 'lFfxH', 'fIfLY', 'qsDGn', 'vExEP', 'qstDP', 'dMlJc', 'AQvdE', 'KXHsP', 'OjfHz', 'Dnxlg', 'sVVpi', 'eiEFV', 'PsJCr', 'KJEOD', 'eLMUt', 'NZxDn', 'BXbHC', 'zvqoF', 'KaHxy', 'fATAq', 'hOwbP', 'JVwgo', 'wZuHd', 'PkfSF', 'uUWOp', 'etWMK', 'EeYOF', 'NVieD', 'geLeJ', 'qovEF', 'Uafqw', 'nsnRe', 'CUbSZ', 'taodp', 'KFuSn', 'ZdElo', 'OguOc', 'RrVcx', 'deWDw', 'fnhXG', 'MTVkR', 'cTfnl', 'tKDFV', 'GRsjn', 'ICFhJ', 'lDIbJ', 'FHEHb', 'vhgXg', 'nkVcM', 'QJNLH', 'bxJHU', 'Kxlrb', 'ROKzX', 'DwbBY', 'IRMBJ', 'Ueays', 'Balnr', 'jzlwg', 'kqCZS', 'JqwOM', 'VoQpB', 'TlbVA', 'KCuVH', 'FKkrJ', 'UUCli', 'ICgjM', 'rXqUK', 'kdkLB', 'nFGWv', 'njgGh', 'TFwyE', 'kLdQs', 'gWkPv', 'CUEZb', 'reWro', 'IzvWh', 'FRfya', 'bBWxM', 'BxQji', 'BYkXu', 'xnEsA', 'LbEHT', 'RDyIu', 'MkBiW', 'Jtrau', 'mmNDP', 'CCVDD', 'AArXH', 'RYYGJ', 'zacjz', 'LJMmd', 'kWTfd', 'sxwcq', 'NziJB', 'nrGRb', 'FAsBM', 'bFiIs', 'VhWbj', 'nGmUA', 'yYLYx', 'aTzpc', 'sBkUs', 'ebNlW', 'aLGNm', 'srkrK', 'aJZFA', 'jQGmK', 'XmpUx', 'VAxbQ', 'jCoAP', 'fSQuY', 'bbuLF', 'nOeTr', 'PgxWN', 'EXYTU', 'kIAYM', 'eGlqC', 'iycfc', 'PfNWf', 'iihCA', 'fUMWX', 'DSllv', 'juQXa', 'VrOee', 'CRycH', 'BwvHE', 'bhloB', 'Hyheq', 'tBYaJ', 'PGNKr', 'Nvxzv', 'RPtlP', 'ptVZq', 'Dbrae', 'kriXI', 'iaMRY', 'SEPhc', 'QTMJg', 'lAMeP', 'QNoBh', 'kVCfD', 'XigJB', 'lJTMI', 'bQukb', 'kfciq', 'iKUKp', 'eNjAI', 'Leptc', 'FFkJb', 'ycVii', 'KkqYK', 'jNHKe', 'CPfof', 'oTvIX', 'SajCi', 'xkCLJ', 'QcYqw', 'sIoZU', 'kAzEr', 'TbvqE', 'hSqBk', 'hzUFS', 'ROSdh', 'ANgfQ', 'TczLP', 'LHiRL', 'gHfyu', 'tGGeX', 'QOCNn', 'KqRXm', 'EaReF', 'wBKGp', 'LBVhb', 'HIMbb', 'LhwwJ', 'aLiYm', 'gYtrc', 'CCnJe', 'Mrvxd', 'KOpCA', 'XkLIK', 'hStKX', 'SAsIl', 'QFuQh', 'PJixZ', 'bzfqp', 'EHDRa', 'RMxfm', 'DjscX', 'RmpvG', 'PUXPG', 'INgpS', 'COOsc', 'AFLJw', 'dVnkK', 'PgSSv', 'wMJuz', 'sBIzx', 'gitKn', 'upYLz', 'VWnHX', 'SWSas', 'NLtnz', 'UupOu', 'QaZMv', 'nzDKY', 'jvTDK', 'cBGah', 'FEcuw', 'VXPvK', 'GEwik']