['three hundred and twenty-four', 'three hundred and twenty-two', 'nine hundred and twenty-one', 'thirteen', 'three hundred and forty-nine', 'two hundred and thirty-one', 'nine', 'four hundred and five', 'one hundred and forty-one', 'five hundred and fifty', 'three hundred and ninety-seven', 'eight hundred and ninety-one', 'seven hundred and fifty-four', 'three hundred and twenty-one', 'five hundred and forty-four', 'four hundred and ninety-four', 'five hundred and thirty', 'seven hundred and forty-nine', 'ninety-five', 'eight hundred and eighty-four', 'eight hundred and seventy-six', 'four hundred and sixty-two', 'four hundred and fifty-seven', 'fifteen', 'six hundred and nineteen', 'eight hundred and fifty-seven', 'three hundred and twenty-six', 'five hundred and fifty-eight', 'two hundred and eighteen', 'three hundred and one', 'eight hundred and sixty-nine', 'forty', 'one hundred and eleven', 'five hundred and twenty-one', 'six hundred and fifty-six', 'six hundred and fifty-two', 'eight hundred and eighty-six', 'two hundred and eighty-one', 'one hundred and ninety-one', 'nine hundred and thirteen', 'three hundred and eighty-eight', 'three hundred and forty-seven', 'four hundred and seventy-six', 'four hundred and twenty-two', 'forty-eight', 'four hundred and ninety-eight', 'three hundred and thirty-five', 'four hundred and eighty-two', 'four hundred and sixty-six', 'three hundred and sixty-four', 'six hundred and seventy', 'six hundred and five', 'four hundred and fifty-nine', 'nine hundred and forty-one', 'three hundred and seventy-two', 'six hundred and sixty-two', 'nine hundred and sixty-three', 'seventy', 'three hundred and three', 'three hundred and eighty-seven', 'five hundred and thirteen', 'five hundred and seventy-three', 'sixteen', 'one hundred and seventy-five', 'two hundred and ninety-four', 'five hundred and fifty-three', 'three hundred and eighty-three', 'five hundred and thirty-seven', 'three hundred and nineteen', 'eight hundred and seventy-four', 'four hundred and forty-six', 'four hundred and fifty-five', 'four hundred and seventy-nine', 'eight hundred and thirty-four', 'seven hundred and thirty-three', 'five hundred and fifty-nine', 'eight hundred and twenty-nine', 'one hundred and fifty-seven', 'three hundred and forty-six', 'eight hundred and seventy-eight', 'five hundred and eighty-one', 'three hundred and forty-four', 'seventy-six', 'six hundred and seventy-eight', 'three hundred and fifty-two', 'four hundred and fourteen', 'seven hundred and thirty-seven', 'six hundred and ninety-five', 'one hundred and eighteen', 'seven hundred and seven', 'seven hundred and eighty-eight', 'four hundred and sixty-nine', 'five hundred and sixty-nine', 'eight hundred and thirteen', 'eight hundred and eighty', 'three hundred and seventy-four', 'one hundred and ninety', 'nine hundred and forty-two', 'four hundred and ninety-six', 'four hundred and four', 'five hundred and eighty-five', 'six hundred and forty-three', 'seven hundred and fourteen', 'four hundred and sixty-one', 'nine hundred and thirty-six', 'six hundred and twenty-seven', 'four hundred and ninety-one', 'five hundred and fifteen', 'one hundred and thirty-eight', 'four hundred and twenty', 'three hundred and ninety-eight', 'six hundred and fourteen', 'nine hundred and eighty', 'six hundred and sixteen', 'two hundred and eighty-four', 'three hundred', 'five hundred and seventy-two', 'nine hundred and eighty-nine', 'eight hundred and eighty-nine', 'two hundred and nineteen', 'three hundred and thirty', 'eight hundred and ninety-five', 'nine hundred and four', 'three hundred and seventy-three', 'two hundred and twenty-six', 'three hundred and fifteen', 'five hundred and eleven', 'three hundred and ninety-four', 'one hundred and seventy-four', 'one hundred and thirty-nine', 'twenty-six', 'six hundred and twelve', 'seven hundred and sixty', 'two hundred and eighty-five', 'two hundred and sixty-six', 'seven hundred and eighty-two', 'fifty-four', 'four hundred and ninety-five', 'two hundred and twenty-three', 'five hundred and sixty-five', 'two hundred and eighty-two', 'nine hundred and ninety-three', 'eight hundred and fifty-four', 'two hundred and twenty-eight', 'six hundred and fifteen', 'nine hundred and fifty-one', 'nine hundred and ninety', 'nine hundred and thirty-seven', 'four hundred and eleven', 'six hundred and seventy-four', 'thirty-two', 'seven hundred and fifteen', 'eight hundred and sixty-three', 'two hundred and forty-seven', 'five hundred and twenty-three', 'four hundred and twenty-four', 'one hundred and sixty-eight', 'four hundred and eighty-seven', 'four hundred and thirty-six', 'five hundred and one', 'one hundred and twenty-one', 'seven hundred and sixty-seven', 'nine hundred and thirty-two', 'six hundred and twenty-two', 'thirty-one', 'five hundred and ninety-six', 'three hundred and thirty-seven', 'four hundred and fifty', 'one hundred and nine', 'two hundred and eighty-nine', 'three hundred and twenty-three', 'five hundred and twenty-seven', 'eight hundred and twenty-seven', 'six hundred and eighty-five', 'three hundred and ninety', 'ninety-two', 'one hundred and fifty-six', 'six hundred and ninety-seven', 'three hundred and forty', 'eight hundred and seventy-one', 'one hundred and fourteen', 'four hundred and one', 'nine hundred and sixty-four', 'five hundred and ninety-two', 'five hundred and twelve', 'four hundred and two', 'six hundred and seven', 'sixty-five', 'one hundred and seventy-one', 'eight hundred and sixty-six', 'seven hundred and thirty-nine', 'four hundred and eighteen', 'six hundred and two', 'six hundred and forty-nine', 'eight hundred and ninety-four', 'one hundred and fifty-four', 'four hundred and eighty', 'three hundred and forty-one', 'seventy-one', 'one hundred and eighty-seven', 'six hundred and one', 'nine hundred and seventy-three', 'five hundred and sixty-one', 'sixty-nine', 'five hundred and forty-six', 'three hundred and forty-three', 'two hundred and forty', 'three hundred and eighteen', 'eighty-two', 'two hundred and twenty-five', 'one hundred and twelve', 'seven hundred and fifty-five', 'two hundred and twenty-seven', 'seven hundred and seventy-three', 'seven hundred and fifty-two', 'six hundred and ninety-six', 'two hundred and sixty-eight', 'six hundred and twenty-eight', 'eight hundred and thirty-eight', 'four hundred and thirteen', 'three hundred and ninety-nine', 'six hundred and forty', 'seven hundred and ninety-three', 'six hundred and forty-four', 'five hundred and eighty-eight', 'two hundred and twenty', 'two hundred and two', 'nine hundred and ninety-eight', 'six hundred and eighty-eight', 'six hundred and thirty-seven', 'two hundred and fifty-four', 'six hundred and ninety-nine', 'five hundred and seventy-six', 'six hundred and ninety-four', 'five hundred and eighty-three', 'five hundred and six', 'five hundred and seven', 'five hundred and fifty-four', 'two hundred and sixty-four', 'eight hundred and fifty-nine', 'four hundred and seventeen', 'five hundred and seventy', 'nine hundred and eight', 'two hundred and seventy-nine', 'two hundred and thirty-eight', 'forty-seven', 'three hundred and ninety-two', 'seven hundred and twenty-seven', 'nine hundred and ninety-six', 'four hundred and forty-two', 'three hundred and sixty-six', 'seven hundred and thirty', 'one hundred and fifteen', 'seven hundred and seventy', 'nine hundred and thirty-four', 'six hundred and seventy-three']