['RRRphocomelia', 'RRRastuteness', 'RRRsit', 'RRRsurgical', 'RRRwater_starwort', 'RRRsocial_system', 'RRRpipe_major', 'RRRcattish', 'RRRrock_rose', 'RRRoctal_digit', 'RRRjapanese_rose', 'RRRfuel_line', 'RRRnucleoside_reverse_transcriptase_inhibitor', 'RRRanacanthini', 'RRRsinister', 'RRRcrossbreed', 'RRRleibnitz', 'RRRlilting', 'RRRsokoro', 'RRRhomeland_security', 'RRRvasectomise', 'RRRthroaty', 'RRRmonandrous', 'RRRsilene_virginica', 'RRRatomic_number_73', 'RRRmonitoring_program', 'RRRmarmora', 'RRRgenetic_constitution', 'RRRevergreen_oak', 'RRRmonkey_pinscher', 'RRRfamily_apiaceae', 'RRRralph_vaughan_williams', 'RRRvena_lingualis', 'RRRsurgical_operation', 'RRRcivilize', 'RRRanguilliformes', 'RRRvilipend', 'RRRachras_zapota', 'RRRselfish_person', 'RRRred_rockfish', 'RRRbanal', 'RRRright-hand', 'RRRtroubling', 'RRRinsightful', 'RRRanimated', 'RRRemblem', 'RRRtaurine', 'RRRsagacious', 'RRRarctotis_venusta', 'RRRpicea_pungens', 'RRRmasonry', 'RRRunilluminating', 'RRRunequaled', 'RRRdamson_plum_tree', 'RRRlethal_gene', 'RRRbroth_of_a_boy', 'RRRmesomorph', 'RRRencode', 'RRRclematis_tangutica', 'RRRauthorisation', 'RRRpresent_perfect', 'RRRrock_barnacle', 'RRRstypsis', 'RRRaegiceras', 'RRRarabic_language', 'RRRshakspere', 'RRRultrahigh_frequency', 'RRRvalsartan', 'RRRsympathize', 'RRRcustard_pie', 'RRRclethra', 'RRRbluecoat', 'RRRtianjin', 'RRRsubtly', 'RRRfederal_judiciary', 'RRReuropean_cuckoo', 'RRRignition_lock', 'RRRone-off', 'RRRfayetteville', 'RRRpatriarchy', 'RRRwatusi', 'RRRtuck', 'RRRonymous', 'RRRfirst_appearance', 'RRRscenic_railway', 'RRRmystifying', 'RRRnonequivalent', 'RRRhandspring', 'RRRcoggle', 'RRReighteenth', 'RRRplea-bargain', 'RRRthreatening', 'RRRhindemith', 'RRRwood_duck', 'RRRgracie_allen', 'RRRchamaeleo', 'RRRvolition', 'RRRrh_negative', 'RRRgovernment_department', 'RRRpseudoscorpion', 'RRRgenus_habenaria', 'RRRtrichloride', 'RRRwhen_first_seen', 'RRRzest', 'RRRtelephone_box', 'RRRmercifully', 'RRRindexical', 'RRRtorch_singer', 'RRRtune-up', 'RRRarmyworm', 'RRRreconstruction_period', 'RRRpolystichum_adiantiformis', 'RRRtripinnate', 'RRRhypercalcemia', 'RRRranter', 'RRRsagaciousness', 'RRRpour_down', 'RRRrhus_dermatitis', 'RRRimbalance', 'RRRvacuolation', 'RRRbattle_of_monmouth', 'RRRnaphthoquinone', 'RRRpindaric_ode', 'RRRstate_of_the_vatican_city', 'RRRorder_cydippidea', 'RRRsunglass', 'RRRsphingine', 'RRRdouble-propeller_plane', 'RRRtake_in_water', 'RRRextramarital_sex', 'RRRchaldaea', 'RRRvolatilisable', 'RRRolfactory_brain', 'RRRrocky_marciano', 'RRRbusiness_letter', 'RRRescolar', 'RRRinterrupter', 'RRRslowgoing', 'RRRspeedway', 'RRRgaywings', 'RRRdelibes', 'RRRanoplura', 'RRRinsurance_underwriter', 'RRRnormalizer', 'RRRfiesta_flower', 'RRRoncidium_papilio_kramerianum', 'RRRineffectually', 'RRRprovocation', 'RRRvictory_lap', 'RRRspeckled', 'RRRblue-grey', 'RRRcape_cod', 'RRRchamaecytisus_palmensis', 'RRRpsychoanalyse', 'RRRadversary', 'RRRus_post_office', 'RRRlittle_red_riding_hood', 'RRRcenter_on', 'RRRspirodela_polyrrhiza', 'RRRstinking_clover', 'RRRdrunkenness', 'RRRfundraise', 'RRRend', 'RRRmirish', 'RRRcanteen', 'RRRcryptologist', 'RRRincomplete', 'RRRunrealism', 'RRR.38_caliber', 'RRRclass_zygomycetes', 'RRRelanus', 'RRRunreachable', 'RRRcryogenics', 'RRRturban_squash', 'RRRfamily_cornaceae', 'RRRmalcolmia', 'RRRrespectful', 'RRRwormseed_mustard', 'RRRstereoscopic', 'RRRsnowbound', 'RRRunindustrialized', 'RRRspiny_anteater', 'RRRbalusters', 'RRRremorseful', 'RRRabyssinian_banana', 'RRRlarvacean', 'RRRmaple-like', 'RRRovalipes', 'RRRpicnicker', 'RRRdesensitization_technique', 'RRRanapsida', 'RRRself-defense', 'RRRwater_system', 'RRRoutbalance', 'RRRwater_of_hydration', 'RRRtrinectes', 'RRRchelifer', 'RRRmalevolence', 'RRRdecriminalization', 'RRRislamic', 'RRRclammily', 'RRRbrachiopoda', 'RRRcastilian', 'RRRlittorinidae', 'RRRcomputational_linguistics', 'RRRoutput_program', 'RRRswamp_azalea', 'RRRwest_indian_satinwood', 'RRRdairy', 'RRRon_earth', 'RRRepithelial_duct', 'RRRg_suit', 'RRRwilliam_menninger', 'RRRpseudomonad', 'RRRbeneficed', 'RRRplexus_autonomici', 'RRRcattail', 'RRRsaline_solution', 'RRRinexact', 'RRRsojourn', 'RRRendometritis', 'RRRisoetales', 'RRRfishing_line', 'RRRfardel', 'RRRdeviated_nasal_septum', 'RRRgondola', 'RRRargiope', 'RRRoutboard', 'RRRincomprehensible', 'RRRlive_axle', 'RRRfirmament', 'RRRprosthetic_device', 'RRRimperishingness', 'RRRtarsiidae', 'RRRsalton_sea', 'RRRmarsh_clematis', 'RRRkyzyl_kum', 'RRRfine-leaved', 'RRRundesigned', 'RRRlaundryman', 'RRRsiberian_spruce', 'RRRmohorovicic', 'RRRupholstery_needle', 'RRRnormally', 'RRRunalarming', 'RRRgenerative', 'RRRsaccharin', 'RRRthaddaeus', 'RRRquixotically', 'RRRmediant', 'RRRcunonia_family', 'RRRcrossroad', 'RRRtech', 'RRRunstintingly', 'RRRwalk', 'RRRsectral']