['rpphp', 'fnsed', 'tutsn', 'euefi', 'ozceu', 'mxyqx', 'xkuom', 'mefzt', 'xzupw', 'ahszm', 'uocxf', 'hshwj', 'pqsvt', 'vsbuk', 'dxprs', 'ovafb', 'gmjal', 'wdmew', 'owgoj', 'smdpm', 'gmlsg', 'vxsuy', 'lmoxx', 'tgsjl', 'rpkpg', 'nepua', 'nwdub', 'ttjgv', 'jgvxx', 'vzcwo', 'ekuaj', 'ghbpd', 'zyimh', 'nomih', 'lsukh', 'fypzm', 'cdcig', 'ajyxl', 'tyhyk', 'zofty', 'cspap', 'pfqoo', 'pknxx', 'lmavz', 'ktoqm', 'xtewo', 'ihpbm', 'dblcq', 'puurk', 'uuhvs', 'obpak', 'eblkh', 'peapb', 'cnfqx', 'qrftb', 'gziyx', 'tshmu', 'tacwf', 'rtyuj', 'fdbpo', 'vdtrw', 'vaagr', 'gwaly', 'rnzsi', 'rkqoj', 'rzcuy', 'vynyz', 'pfwzh', 'elasz', 'bhymb', 'xfylp', 'tcjbn', 'emcjo', 'uztwg', 'lrybm', 'bnkgb', 'uergt', 'pzqia', 'vxpim', 'gvsns', 'elufh', 'rrfnu', 'zqvjw', 'buano', 'ktqfs', 'bheyj', 'uxqwp', 'tztvs', 'gdjmn', 'klqne', 'mrxmc', 'hsnyq', 'infbe', 'sxpsf', 'fmrnu', 'itreh', 'kauut', 'gmtso', 'zmuxh', 'dapou', 'yoxol', 'ewvje', 'bpzve', 'eemjt', 'fpmzb', 'wwhhx', 'bqoge', 'hmcsi', 'arzdm', 'gkrhh', 'fexhj', 'chclj', 'hflfb', 'netuy', 'mmknd', 'fjvtf', 'feogk', 'vlqsp', 'dbckq', 'njhru', 'nmcun', 'mvgut', 'mlrlc', 'ubakw', 'ryats', 'efxdp', 'sdrsu', 'kisdm', 'vjkdp', 'tfpoz', 'npjbp', 'cmweq', 'hcojm', 'vmvyf', 'lkepp', 'pcxgy', 'mfryk', 'rvfee', 'rurwk', 'kpues', 'jnyoz', 'kothy', 'nwwmh', 'luosk', 'yfids', 'odfni', 'vntrk', 'vdhir', 'fybjw', 'scdrv', 'feews', 'vaktj', 'diery', 'emwnj', 'cswyk', 'yvxms', 'pixxr', 'gjxow', 'lghyx', 'uzxcb', 'fhntg', 'rqnzj', 'yvvml', 'neiot', 'hmiqv', 'nrqge', 'delbn', 'amxgj', 'mdqji', 'rxhzj', 'udeed', 'dgsqs', 'ftgck', 'mefdc', 'ssbls', 'lflor', 'tmudt', 'wvyys', 'qjwiu', 'djlvn', 'qkqdz', 'eullw', 'rwkpy', 'ssddh', 'qnsdp', 'ipuwb', 'afeus', 'nzibe', 'gdybe', 'ojhzo', 'sqdgp', 'rtody', 'ulyfv', 'ezsjf', 'fhtft', 'vgcyl', 'upslo', 'mbwtp', 'bjamk', 'butqa', 'lmcll', 'uqdcb', 'echfv', 'jzbuo', 'bvymk', 'aaddu', 'xegtw', 'fxouh', 'pfwwo', 'bjqyr', 'sjnkt', 'oyphh', 'ffefp', 'kdbjh', 'faxrc', 'fthms', 'kkpjf', 'sqxqm', 'dayyn', 'unhzc', 'blfac', 'eejgm', 'qqiga', 'macex', 'jcdzm', 'rwcix', 'uddat', 'eqrjf', 'lescb', 'sgivl', 'gdkgm', 'zdahw', 'hdybi', 'phgzq', 'cstfu', 'nvwgl', 'jeewp', 'ysxys', 'mpwii', 'ekfky', 'qkjza', 'lkhdc', 'hprfh', 'rkufu', 'pjfgg', 'zvvnq', 'nneff', 'mlnso', 'lazdd', 'zyuck', 'degmv', 'dqbpk', 'dxdlj', 'zjmlx', 'sujea', 'frmfb']